=== param search: iris h=4 ===
  SGD      {'learning_rate': 0.001, 'momentum': 0.0, 'batch_size': 16}  val=0.5121±0.0341
  SGD      {'learning_rate': 0.001, 'momentum': 0.0, 'batch_size': 32}  val=0.6180±0.0577
  SGD      {'learning_rate': 0.001, 'momentum': 0.0, 'batch_size': None}  val=0.9084±0.1513
  SGD      {'learning_rate': 0.001, 'momentum': 0.9, 'batch_size': 16}  val=0.1403±0.0126
  SGD      {'learning_rate': 0.001, 'momentum': 0.9, 'batch_size': 32}  val=0.2335±0.0260
  SGD      {'learning_rate': 0.001, 'momentum': 0.9, 'batch_size': None}  val=0.4557±0.0301
  SGD      {'learning_rate': 0.01, 'momentum': 0.0, 'batch_size': 16}  val=0.1394±0.0122
  SGD      {'learning_rate': 0.01, 'momentum': 0.0, 'batch_size': 32}  val=0.2318±0.0256
  SGD      {'learning_rate': 0.01, 'momentum': 0.0, 'batch_size': None}  val=0.4532±0.0292
  SGD      {'learning_rate': 0.01, 'momentum': 0.9, 'batch_size': 16}  val=0.0420±0.0069
  SGD      {'learning_rate': 0.01, 'momentum': 0.9, 'batch_size': 32}  val=0.0500±0.0101
  SGD      {'learning_rate': 0.01, 'momentum': 0.9, 'batch_size': None}  val=0.1041±0.0090
  SGD      {'learning_rate': 0.1, 'momentum': 0.0, 'batch_size': 16}  val=0.0397±0.0067
  SGD      {'learning_rate': 0.1, 'momentum': 0.0, 'batch_size': 32}  val=0.0472±0.0117
  SGD      {'learning_rate': 0.1, 'momentum': 0.0, 'batch_size': None}  val=0.1013±0.0076
  SGD      {'learning_rate': 0.1, 'momentum': 0.9, 'batch_size': 16}  val=0.0313±0.0115
  SGD      {'learning_rate': 0.1, 'momentum': 0.9, 'batch_size': 32}  val=0.0308±0.0155
  SGD      {'learning_rate': 0.1, 'momentum': 0.9, 'batch_size': None}  val=0.0533±0.0181
  SCG      {'sigma': 0.0001, 'lambd': 1e-06}  val=0.0433±0.0697
  SCG      {'sigma': 0.0001, 'lambd': 0.0001}  val=0.0439±0.0757
  SCG      {'sigma': 1e-05, 'lambd': 1e-06}  val=0.0254±0.0216
  SCG      {'sigma': 1e-05, 'lambd': 0.0001}  val=0.0229±0.0162
  LeapFrog {'dt': 0.1, 'delta': 1.0}  val=0.0836±0.0763
  LeapFrog {'dt': 0.1, 'delta': 10.0}  val=0.0836±0.0763
  LeapFrog {'dt': 0.1, 'delta': 100.0}  val=0.0836±0.0763
  LeapFrog {'dt': 0.5, 'delta': 1.0}  val=0.0830±0.0803
  LeapFrog {'dt': 0.5, 'delta': 10.0}  val=0.0822±0.0809
  LeapFrog {'dt': 0.5, 'delta': 100.0}  val=0.0822±0.0809
  LeapFrog {'dt': 1.0, 'delta': 1.0}  val=0.0697±0.0753
  LeapFrog {'dt': 1.0, 'delta': 10.0}  val=0.0922±0.0808
  LeapFrog {'dt': 1.0, 'delta': 100.0}  val=0.0922±0.0808
=== param search: breast_cancer h=32 ===
  SGD      {'learning_rate': 0.001, 'momentum': 0.0, 'batch_size': 16}  val=0.0683±0.0060
  SGD      {'learning_rate': 0.001, 'momentum': 0.0, 'batch_size': 32}  val=0.0695±0.0062
  SGD      {'learning_rate': 0.001, 'momentum': 0.0, 'batch_size': None}  val=0.2338±0.0253
  SGD      {'learning_rate': 0.001, 'momentum': 0.9, 'batch_size': 16}  val=0.0331±0.0030
  SGD      {'learning_rate': 0.001, 'momentum': 0.9, 'batch_size': 32}  val=0.0333±0.0030
  SGD      {'learning_rate': 0.001, 'momentum': 0.9, 'batch_size': None}  val=0.0666±0.0058
  SGD      {'learning_rate': 0.01, 'momentum': 0.0, 'batch_size': 16}  val=0.0331±0.0030
  SGD      {'learning_rate': 0.01, 'momentum': 0.0, 'batch_size': 32}  val=0.0333±0.0030
  SGD      {'learning_rate': 0.01, 'momentum': 0.0, 'batch_size': None}  val=0.0670±0.0058
  SGD      {'learning_rate': 0.01, 'momentum': 0.9, 'batch_size': 16}  val=0.0132±0.0050
  SGD      {'learning_rate': 0.01, 'momentum': 0.9, 'batch_size': 32}  val=0.0143±0.0068
  SGD      {'learning_rate': 0.01, 'momentum': 0.9, 'batch_size': None}  val=0.0325±0.0029
  SGD      {'learning_rate': 0.1, 'momentum': 0.0, 'batch_size': 16}  val=0.0136±0.0053
  SGD      {'learning_rate': 0.1, 'momentum': 0.0, 'batch_size': 32}  val=0.0145±0.0067
  SGD      {'learning_rate': 0.1, 'momentum': 0.0, 'batch_size': None}  val=0.0329±0.0030
  SGD      {'learning_rate': 0.1, 'momentum': 0.9, 'batch_size': 16}  val=0.0118±0.0051
  SGD      {'learning_rate': 0.1, 'momentum': 0.9, 'batch_size': 32}  val=0.0083±0.0052
  SGD      {'learning_rate': 0.1, 'momentum': 0.9, 'batch_size': None}  val=0.0223±0.0063
  SCG      {'sigma': 0.0001, 'lambd': 1e-06}  val=0.0013±0.0020
  SCG      {'sigma': 0.0001, 'lambd': 0.0001}  val=0.0013±0.0020
  SCG      {'sigma': 1e-05, 'lambd': 1e-06}  val=0.0014±0.0020
  SCG      {'sigma': 1e-05, 'lambd': 0.0001}  val=0.0013±0.0020
  LeapFrog {'dt': 0.1, 'delta': 1.0}  val=0.0087±0.0054
  LeapFrog {'dt': 0.1, 'delta': 10.0}  val=0.0087±0.0054
  LeapFrog {'dt': 0.1, 'delta': 100.0}  val=0.0087±0.0054
  LeapFrog {'dt': 0.5, 'delta': 1.0}  val=0.0105±0.0072
  LeapFrog {'dt': 0.5, 'delta': 10.0}  val=0.0105±0.0072
  LeapFrog {'dt': 0.5, 'delta': 100.0}  val=0.0105±0.0072
  LeapFrog {'dt': 1.0, 'delta': 1.0}  val=0.0141±0.0102
  LeapFrog {'dt': 1.0, 'delta': 10.0}  val=0.0055±0.0055
  LeapFrog {'dt': 1.0, 'delta': 100.0}  val=0.0055±0.0055
=== param search: glass h=4 ===
  SGD      {'learning_rate': 0.001, 'momentum': 0.0, 'batch_size': 16}  val=1.2884±0.0460
  SGD      {'learning_rate': 0.001, 'momentum': 0.0, 'batch_size': 32}  val=1.4626±0.0804
  SGD      {'learning_rate': 0.001, 'momentum': 0.0, 'batch_size': None}  val=1.8068±0.1807
  SGD      {'learning_rate': 0.001, 'momentum': 0.9, 'batch_size': 16}  val=0.9387±0.0837
  SGD      {'learning_rate': 0.001, 'momentum': 0.9, 'batch_size': 32}  val=0.9930±0.0698
  SGD      {'learning_rate': 0.001, 'momentum': 0.9, 'batch_size': None}  val=1.2675±0.0433
  SGD      {'learning_rate': 0.01, 'momentum': 0.0, 'batch_size': 16}  val=0.9420±0.0811
  SGD      {'learning_rate': 0.01, 'momentum': 0.0, 'batch_size': 32}  val=0.9926±0.0696
  SGD      {'learning_rate': 0.01, 'momentum': 0.0, 'batch_size': None}  val=1.2633±0.0434
  SGD      {'learning_rate': 0.01, 'momentum': 0.9, 'batch_size': 16}  val=0.8690±0.1212
  SGD      {'learning_rate': 0.01, 'momentum': 0.9, 'batch_size': 32}  val=0.8711±0.1142
  SGD      {'learning_rate': 0.01, 'momentum': 0.9, 'batch_size': None}  val=0.9354±0.0903
  SGD      {'learning_rate': 0.1, 'momentum': 0.0, 'batch_size': 16}  val=0.8521±0.0987
  SGD      {'learning_rate': 0.1, 'momentum': 0.0, 'batch_size': 32}  val=0.8622±0.1036
  SGD      {'learning_rate': 0.1, 'momentum': 0.0, 'batch_size': None}  val=0.9363±0.0821
  SGD      {'learning_rate': 0.1, 'momentum': 0.9, 'batch_size': 16}  val=0.6922±0.1189
  SGD      {'learning_rate': 0.1, 'momentum': 0.9, 'batch_size': 32}  val=0.7962±0.1656
  SGD      {'learning_rate': 0.1, 'momentum': 0.9, 'batch_size': None}  val=0.8187±0.1516
  SCG      {'sigma': 0.0001, 'lambd': 1e-06}  val=0.8458±0.1124
  SCG      {'sigma': 0.0001, 'lambd': 0.0001}  val=0.8473±0.1043
  SCG      {'sigma': 1e-05, 'lambd': 1e-06}  val=0.8466±0.1130
  SCG      {'sigma': 1e-05, 'lambd': 0.0001}  val=0.8480±0.1039
  LeapFrog {'dt': 0.1, 'delta': 1.0}  val=0.8360±0.1359
  LeapFrog {'dt': 0.1, 'delta': 10.0}  val=0.8370±0.1478
  LeapFrog {'dt': 0.1, 'delta': 100.0}  val=0.8370±0.1478
  LeapFrog {'dt': 0.5, 'delta': 1.0}  val=0.8315±0.1468
  LeapFrog {'dt': 0.5, 'delta': 10.0}  val=0.8315±0.1468
  LeapFrog {'dt': 0.5, 'delta': 100.0}  val=0.8315±0.1468
  LeapFrog {'dt': 1.0, 'delta': 1.0}  val=0.8971±0.1560
  LeapFrog {'dt': 1.0, 'delta': 10.0}  val=0.8295±0.1765
  LeapFrog {'dt': 1.0, 'delta': 100.0}  val=0.8295±0.1765
=== param search: sinc h=8 ===
  SGD      {'learning_rate': 0.001, 'momentum': 0.0, 'batch_size': 16}  val=0.7430±0.0716
  SGD      {'learning_rate': 0.001, 'momentum': 0.0, 'batch_size': 32}  val=0.8191±0.0487
  SGD      {'learning_rate': 0.001, 'momentum': 0.0, 'batch_size': None}  val=0.8946±0.0141
  SGD      {'learning_rate': 0.001, 'momentum': 0.9, 'batch_size': 16}  val=0.0929±0.0085
  SGD      {'learning_rate': 0.001, 'momentum': 0.9, 'batch_size': 32}  val=0.2206±0.0331
  SGD      {'learning_rate': 0.001, 'momentum': 0.9, 'batch_size': None}  val=0.7323±0.0732
  SGD      {'learning_rate': 0.01, 'momentum': 0.0, 'batch_size': 16}  val=0.0917±0.0083
  SGD      {'learning_rate': 0.01, 'momentum': 0.0, 'batch_size': 32}  val=0.2169±0.0320
  SGD      {'learning_rate': 0.01, 'momentum': 0.0, 'batch_size': None}  val=0.7225±0.0751
  SGD      {'learning_rate': 0.01, 'momentum': 0.9, 'batch_size': 16}  val=0.0231±0.0013
  SGD      {'learning_rate': 0.01, 'momentum': 0.9, 'batch_size': 32}  val=0.0285±0.0013
  SGD      {'learning_rate': 0.01, 'momentum': 0.9, 'batch_size': None}  val=0.0890±0.0101
  SGD      {'learning_rate': 0.1, 'momentum': 0.0, 'batch_size': 16}  val=0.0234±0.0010
  SGD      {'learning_rate': 0.1, 'momentum': 0.0, 'batch_size': 32}  val=0.0284±0.0010
  SGD      {'learning_rate': 0.1, 'momentum': 0.0, 'batch_size': None}  val=0.0795±0.0065
  SGD      {'learning_rate': 0.1, 'momentum': 0.9, 'batch_size': 16}  val=0.0240±0.0192
  SGD      {'learning_rate': 0.1, 'momentum': 0.9, 'batch_size': 32}  val=0.0220±0.0195
  SGD      {'learning_rate': 0.1, 'momentum': 0.9, 'batch_size': None}  val=0.0302±0.0199
  SCG      {'sigma': 0.0001, 'lambd': 1e-06}  val=0.0043±0.0069
  SCG      {'sigma': 0.0001, 'lambd': 0.0001}  val=0.0039±0.0059
  SCG      {'sigma': 1e-05, 'lambd': 1e-06}  val=0.0040±0.0062
  SCG      {'sigma': 1e-05, 'lambd': 0.0001}  val=0.0047±0.0057
  LeapFrog {'dt': 0.1, 'delta': 1.0}  val=0.0190±0.0076
  LeapFrog {'dt': 0.1, 'delta': 10.0}  val=0.0134±0.0100
  LeapFrog {'dt': 0.1, 'delta': 100.0}  val=0.0134±0.0100
  LeapFrog {'dt': 0.5, 'delta': 1.0}  val=0.0168±0.0281
  LeapFrog {'dt': 0.5, 'delta': 10.0}  val=0.0168±0.0281
  LeapFrog {'dt': 0.5, 'delta': 100.0}  val=0.0168±0.0281
  LeapFrog {'dt': 1.0, 'delta': 1.0}  val=0.0097±0.0095
  LeapFrog {'dt': 1.0, 'delta': 10.0}  val=0.0117±0.0093
  LeapFrog {'dt': 1.0, 'delta': 100.0}  val=0.0148±0.0091
=== param search: sincos h=24 ===
  SGD      {'learning_rate': 0.001, 'momentum': 0.0, 'batch_size': 16}  val=0.8727±0.1516
  SGD      {'learning_rate': 0.001, 'momentum': 0.0, 'batch_size': 32}  val=0.9001±0.1553
  SGD      {'learning_rate': 0.001, 'momentum': 0.0, 'batch_size': None}  val=1.0891±0.0328
  SGD      {'learning_rate': 0.001, 'momentum': 0.9, 'batch_size': 16}  val=0.0664±0.0034
  SGD      {'learning_rate': 0.001, 'momentum': 0.9, 'batch_size': 32}  val=0.0670±0.0034
  SGD      {'learning_rate': 0.001, 'momentum': 0.9, 'batch_size': None}  val=0.8817±0.1675
  SGD      {'learning_rate': 0.01, 'momentum': 0.0, 'batch_size': 16}  val=0.0662±0.0033
  SGD      {'learning_rate': 0.01, 'momentum': 0.0, 'batch_size': 32}  val=0.0669±0.0034
  SGD      {'learning_rate': 0.01, 'momentum': 0.0, 'batch_size': None}  val=0.8693±0.1747
  SGD      {'learning_rate': 0.01, 'momentum': 0.9, 'batch_size': 16}  val=0.0407±0.0090
  SGD      {'learning_rate': 0.01, 'momentum': 0.9, 'batch_size': 32}  val=0.0424±0.0140
  SGD      {'learning_rate': 0.01, 'momentum': 0.9, 'batch_size': None}  val=0.0665±0.0034
  SGD      {'learning_rate': 0.1, 'momentum': 0.0, 'batch_size': 16}  val=0.0554±0.0106
  SGD      {'learning_rate': 0.1, 'momentum': 0.0, 'batch_size': 32}  val=0.0501±0.0103
  SGD      {'learning_rate': 0.1, 'momentum': 0.0, 'batch_size': None}  val=0.0667±0.0032
  SGD      {'learning_rate': 0.1, 'momentum': 0.9, 'batch_size': 16}  val=0.1279±0.0223
  SGD      {'learning_rate': 0.1, 'momentum': 0.9, 'batch_size': 32}  val=0.0756±0.0126
  SGD      {'learning_rate': 0.1, 'momentum': 0.9, 'batch_size': None}  val=0.0418±0.0156
  SCG      {'sigma': 0.0001, 'lambd': 1e-06}  val=0.0204±0.0075
  SCG      {'sigma': 0.0001, 'lambd': 0.0001}  val=0.0221±0.0093
  SCG      {'sigma': 1e-05, 'lambd': 1e-06}  val=0.0251±0.0168
  SCG      {'sigma': 1e-05, 'lambd': 0.0001}  val=0.0169±0.0043
  LeapFrog {'dt': 0.1, 'delta': 1.0}  val=0.0376±0.0117
  LeapFrog {'dt': 0.1, 'delta': 10.0}  val=0.0385±0.0109
  LeapFrog {'dt': 0.1, 'delta': 100.0}  val=0.0385±0.0109
  LeapFrog {'dt': 0.5, 'delta': 1.0}  val=0.0402±0.0109
  LeapFrog {'dt': 0.5, 'delta': 10.0}  val=0.0402±0.0109
  LeapFrog {'dt': 0.5, 'delta': 100.0}  val=0.0402±0.0109
  LeapFrog {'dt': 1.0, 'delta': 1.0}  val=0.0352±0.0114
  LeapFrog {'dt': 1.0, 'delta': 10.0}  val=0.0582±0.0115
  LeapFrog {'dt': 1.0, 'delta': 100.0}  val=0.6675±0.7904
=== param search: friedman1 h=12 ===
  SGD      {'learning_rate': 0.001, 'momentum': 0.0, 'batch_size': 16}  val=0.3139±0.0197
  SGD      {'learning_rate': 0.001, 'momentum': 0.0, 'batch_size': 32}  val=0.3149±0.0191
  SGD      {'learning_rate': 0.001, 'momentum': 0.0, 'batch_size': None}  val=0.6538±0.1483
  SGD      {'learning_rate': 0.001, 'momentum': 0.9, 'batch_size': 16}  val=0.2552±0.0388
  SGD      {'learning_rate': 0.001, 'momentum': 0.9, 'batch_size': 32}  val=0.2573±0.0387
  SGD      {'learning_rate': 0.001, 'momentum': 0.9, 'batch_size': None}  val=0.3135±0.0194
  SGD      {'learning_rate': 0.01, 'momentum': 0.0, 'batch_size': 16}  val=0.2538±0.0392
  SGD      {'learning_rate': 0.01, 'momentum': 0.0, 'batch_size': 32}  val=0.2567±0.0395
  SGD      {'learning_rate': 0.01, 'momentum': 0.0, 'batch_size': None}  val=0.3137±0.0188
  SGD      {'learning_rate': 0.01, 'momentum': 0.9, 'batch_size': 16}  val=0.0767±0.0846
  SGD      {'learning_rate': 0.01, 'momentum': 0.9, 'batch_size': 32}  val=0.1020±0.0996
  SGD      {'learning_rate': 0.01, 'momentum': 0.9, 'batch_size': None}  val=0.2662±0.0265
  SGD      {'learning_rate': 0.1, 'momentum': 0.0, 'batch_size': 16}  val=0.0741±0.0767
  SGD      {'learning_rate': 0.1, 'momentum': 0.0, 'batch_size': 32}  val=0.1231±0.0933
  SGD      {'learning_rate': 0.1, 'momentum': 0.0, 'batch_size': None}  val=0.2554±0.0415
  SGD      {'learning_rate': 0.1, 'momentum': 0.9, 'batch_size': 16}  val=0.1595±0.0476
  SGD      {'learning_rate': 0.1, 'momentum': 0.9, 'batch_size': 32}  val=0.1565±0.0883
  SGD      {'learning_rate': 0.1, 'momentum': 0.9, 'batch_size': None}  val=0.2245±0.0839
  SCG      {'sigma': 0.0001, 'lambd': 1e-06}  val=0.0172±0.0302
  SCG      {'sigma': 0.0001, 'lambd': 0.0001}  val=0.0173±0.0302
  SCG      {'sigma': 1e-05, 'lambd': 1e-06}  val=0.0171±0.0304
  SCG      {'sigma': 1e-05, 'lambd': 0.0001}  val=0.0177±0.0300
  LeapFrog {'dt': 0.1, 'delta': 1.0}  val=0.0506±0.0667
  LeapFrog {'dt': 0.1, 'delta': 10.0}  val=0.0690±0.0754
  LeapFrog {'dt': 0.1, 'delta': 100.0}  val=0.0690±0.0754
  LeapFrog {'dt': 0.5, 'delta': 1.0}  val=0.0312±0.0385
  LeapFrog {'dt': 0.5, 'delta': 10.0}  val=0.0296±0.0391
  LeapFrog {'dt': 0.5, 'delta': 100.0}  val=0.0296±0.0391
  LeapFrog {'dt': 1.0, 'delta': 1.0}  val=0.0142±0.0097
  LeapFrog {'dt': 1.0, 'delta': 10.0}  val=0.1228±0.0881
  LeapFrog {'dt': 1.0, 'delta': 100.0}  val=0.1228±0.0881
best params iris:
  SGD: {'learning_rate': 0.1, 'momentum': 0.9, 'batch_size': 32} (val=0.0308)
  SCG: {'sigma': 1e-05, 'lambd': 0.0001} (val=0.0229)
  LeapFrog: {'dt': 1.0, 'delta': 1.0} (val=0.0697)
best params breast_cancer:
  SGD: {'learning_rate': 0.1, 'momentum': 0.9, 'batch_size': 32} (val=0.0083)
  SCG: {'sigma': 0.0001, 'lambd': 1e-06} (val=0.0013)
  LeapFrog: {'dt': 1.0, 'delta': 10.0} (val=0.0055)
best params glass:
  SGD: {'learning_rate': 0.1, 'momentum': 0.9, 'batch_size': 16} (val=0.6922)
  SCG: {'sigma': 0.0001, 'lambd': 1e-06} (val=0.8458)
  LeapFrog: {'dt': 1.0, 'delta': 10.0} (val=0.8295)
best params sinc:
  SGD: {'learning_rate': 0.1, 'momentum': 0.9, 'batch_size': 32} (val=0.0220)
  SCG: {'sigma': 0.0001, 'lambd': 0.0001} (val=0.0039)
  LeapFrog: {'dt': 1.0, 'delta': 1.0} (val=0.0097)
best params sincos:
  SGD: {'learning_rate': 0.01, 'momentum': 0.9, 'batch_size': 16} (val=0.0407)
  SCG: {'sigma': 1e-05, 'lambd': 0.0001} (val=0.0169)
  LeapFrog: {'dt': 1.0, 'delta': 1.0} (val=0.0352)
best params friedman1:
  SGD: {'learning_rate': 0.1, 'momentum': 0.0, 'batch_size': 16} (val=0.0741)
  SCG: {'sigma': 1e-05, 'lambd': 1e-06} (val=0.0171)
  LeapFrog: {'dt': 1.0, 'delta': 1.0} (val=0.0142)
